2478  execve("./bank_server", ["./bank_server"], 0x7fff5faf9778 /* 28 vars */) = 0
2478  brk(NULL)                         = 0x62dba5304000
2478  mmap(NULL, 8192, PROT_READ|PROT_WRITE, MAP_PRIVATE|MAP_ANONYMOUS, -1, 0) = 0x7f7a7536f000
2478  access("/etc/ld.so.preload", R_OK) = -1 ENOENT (No such file or directory)
2478  openat(AT_FDCWD, "/etc/ld.so.cache", O_RDONLY|O_CLOEXEC) = 3
2478  fstat(3, {st_mode=S_IFREG|0644, st_size=19255, ...}) = 0
2478  mmap(NULL, 19255, PROT_READ, MAP_PRIVATE, 3, 0) = 0x7f7a7536a000
2478  close(3)                          = 0
2478  openat(AT_FDCWD, "/lib/x86_64-linux-gnu/libc.so.6", O_RDONLY|O_CLOEXEC) = 3
2478  read(3, "\177ELF\2\1\1\3\0\0\0\0\0\0\0\0\3\0>\0\1\0\0\0\220\243\2\0\0\0\0\0"..., 832) = 832
2478  pread64(3, "\6\0\0\0\4\0\0\0@\0\0\0\0\0\0\0@\0\0\0\0\0\0\0@\0\0\0\0\0\0\0"..., 784, 64) = 784
2478  fstat(3, {st_mode=S_IFREG|0755, st_size=2125328, ...}) = 0
2478  pread64(3, "\6\0\0\0\4\0\0\0@\0\0\0\0\0\0\0@\0\0\0\0\0\0\0@\0\0\0\0\0\0\0"..., 784, 64) = 784
2478  mmap(NULL, 2170256, PROT_READ, MAP_PRIVATE|MAP_DENYWRITE, 3, 0) = 0x7f7a75000000
2478  mmap(0x7f7a75028000, 1605632, PROT_READ|PROT_EXEC, MAP_PRIVATE|MAP_FIXED|MAP_DENYWRITE, 3, 0x28000) = 0x7f7a75028000
2478  mmap(0x7f7a751b0000, 323584, PROT_READ, MAP_PRIVATE|MAP_FIXED|MAP_DENYWRITE, 3, 0x1b0000) = 0x7f7a751b0000
2478  mmap(0x7f7a751ff000, 24576, PROT_READ|PROT_WRITE, MAP_PRIVATE|MAP_FIXED|MAP_DENYWRITE, 3, 0x1fe000) = 0x7f7a751ff000
2478  mmap(0x7f7a75205000, 52624, PROT_READ|PROT_WRITE, MAP_PRIVATE|MAP_FIXED|MAP_ANONYMOUS, -1, 0) = 0x7f7a75205000
2478  close(3)                          = 0
2478  mmap(NULL, 12288, PROT_READ|PROT_WRITE, MAP_PRIVATE|MAP_ANONYMOUS, -1, 0) = 0x7f7a75367000
2478  arch_prctl(ARCH_SET_FS, 0x7f7a75367740) = 0
2478  set_tid_address(0x7f7a75367a10)   = 2478
2478  set_robust_list(0x7f7a75367a20, 24) = 0
2478  rseq(0x7f7a75368060, 0x20, 0, 0x53053053) = 0
2478  mprotect(0x7f7a751ff000, 16384, PROT_READ) = 0
2478  mprotect(0x62db94cda000, 4096, PROT_READ) = 0
2478  mprotect(0x7f7a753a7000, 8192, PROT_READ) = 0
2478  prlimit64(0, RLIMIT_STACK, NULL, {rlim_cur=8192*1024, rlim_max=RLIM64_INFINITY}) = 0
2478  munmap(0x7f7a7536a000, 19255)     = 0
2478  setpgid(0, 0)                     = 0
2478  openat(AT_FDCWD, "data/customers.dat", O_RDWR|O_CREAT, 0666) = 3
2478  socket(AF_INET, SOCK_STREAM, IPPROTO_IP) = 4
2478  setsockopt(4, SOL_SOCKET, SO_REUSEADDR, [1], 4) = 0
2478  setsockopt(4, SOL_SOCKET, SO_REUSEPORT, [1], 4) = 0
2478  rt_sigaction(SIGINT, {sa_handler=0x62db94cd7589, sa_mask=[INT], sa_flags=SA_RESTORER|SA_RESTART, sa_restorer=0x7f7a75045330}, {sa_handler=SIG_DFL, sa_mask=[], sa_flags=0}, 8) = 0
2478  rt_sigaction(SIGTSTP, {sa_handler=0x62db94cd7589, sa_mask=[TSTP], sa_flags=SA_RESTORER|SA_RESTART, sa_restorer=0x7f7a75045330}, {sa_handler=SIG_DFL, sa_mask=[], sa_flags=0}, 8) = 0
2478  rt_sigaction(SIGTERM, {sa_handler=0x62db94cd7589, sa_mask=[TERM], sa_flags=SA_RESTORER|SA_RESTART, sa_restorer=0x7f7a75045330}, {sa_handler=SIG_DFL, sa_mask=[], sa_flags=0}, 8) = 0
2478  rt_sigaction(SIGCHLD, {sa_handler=SIG_IGN, sa_mask=[CHLD], sa_flags=SA_RESTORER|SA_RESTART, sa_restorer=0x7f7a75045330}, {sa_handler=SIG_DFL, sa_mask=[], sa_flags=0}, 8) = 0
2478  bind(4, {sa_family=AF_INET, sin_port=htons(8080), sin_addr=inet_addr("0.0.0.0")}, 16) = -1 EADDRINUSE (Address already in use)
2478  dup(2)                            = 5
2478  fcntl(5, F_GETFL)                 = 0x8002 (flags O_RDWR|O_LARGEFILE)
2478  getrandom("\xc2\x49\x60\x9a\xfb\x82\x33\x7a", 8, GRND_NONBLOCK) = 8
2478  brk(NULL)                         = 0x62dba5304000
2478  brk(0x62dba5325000)               = 0x62dba5325000
2478  fstat(5, {st_mode=S_IFCHR|0620, st_rdev=makedev(0x88, 0x3), ...}) = 0
2478  write(5, "bind: Address already in use\n", 29) = 29
2478  close(5)                          = 0
2478  exit_group(1)                     = ?
2478  +++ exited with 1 +++
